// Jest Snapshot v1, https://goo.gl/fbAQLP

exports[`render the input with a title detected 1`] = `
ShallowWrapper {
  "length": 1,
  Symbol(enzyme.__root__): [Circular],
  Symbol(enzyme.__unrendered__): <NewLogInput
    actions={
      Object {
        "createLog": [MockFunction],
        "updateContent": [MockFunction],
      }
    }
    content="Test"
    titleDetected={false}
  />,
  Symbol(enzyme.__renderer__): Object {
    "batchedUpdates": [Function],
    "getNode": [Function],
    "render": [Function],
    "simulateEvent": [Function],
    "unmount": [Function],
  },
  Symbol(enzyme.__node__): Object {
    "instance": null,
    "key": undefined,
    "nodeType": "host",
    "props": Object {
      "children": Array [
        <Textarea
          onChange={[MockFunction]}
          placeholder="Tell me about your day..."
          value="Test"
        />,
        <div
          className="flex flex-space-between flex-align-items-center"
        >
          <small
            className="text-muted text-sm"
          >
            <a
              href="https://guides.github.com/features/mastering-markdown/"
            >
              Use markdown styling
            </a>
             (with no title)
          </small>
          <button
            className="btn btn-primary btn-sm"
            onClick={[Function]}
          >
            Create
          </button>
        </div>,
      ],
      "className": "NewLogInput",
    },
    "ref": null,
    "rendered": Array [
      Object {
        "instance": null,
        "key": undefined,
        "nodeType": "class",
        "props": Object {
          "onChange": [MockFunction],
          "placeholder": "Tell me about your day...",
          "value": "Test",
        },
        "ref": null,
        "rendered": null,
        "type": [Function],
      },
      Object {
        "instance": null,
        "key": undefined,
        "nodeType": "host",
        "props": Object {
          "children": Array [
            <small
              className="text-muted text-sm"
            >
              <a
                href="https://guides.github.com/features/mastering-markdown/"
              >
                Use markdown styling
              </a>
               (with no title)
            </small>,
            <button
              className="btn btn-primary btn-sm"
              onClick={[Function]}
            >
              Create
            </button>,
          ],
          "className": "flex flex-space-between flex-align-items-center",
        },
        "ref": null,
        "rendered": Array [
          Object {
            "instance": null,
            "key": undefined,
            "nodeType": "host",
            "props": Object {
              "children": Array [
                <a
                  href="https://guides.github.com/features/mastering-markdown/"
                >
                  Use markdown styling
                </a>,
                " (with no title)",
                false,
              ],
              "className": "text-muted text-sm",
            },
            "ref": null,
            "rendered": Array [
              Object {
                "instance": null,
                "key": undefined,
                "nodeType": "host",
                "props": Object {
                  "children": "Use markdown styling",
                  "href": "https://guides.github.com/features/mastering-markdown/",
                },
                "ref": null,
                "rendered": "Use markdown styling",
                "type": "a",
              },
              " (with no title)",
              false,
            ],
            "type": "small",
          },
          Object {
            "instance": null,
            "key": undefined,
            "nodeType": "host",
            "props": Object {
              "children": "Create",
              "className": "btn btn-primary btn-sm",
              "onClick": [Function],
            },
            "ref": null,
            "rendered": "Create",
            "type": "button",
          },
        ],
        "type": "div",
      },
    ],
    "type": "div",
  },
  Symbol(enzyme.__nodes__): Array [
    Object {
      "instance": null,
      "key": undefined,
      "nodeType": "host",
      "props": Object {
        "children": Array [
          <Textarea
            onChange={[MockFunction]}
            placeholder="Tell me about your day..."
            value="Test"
          />,
          <div
            className="flex flex-space-between flex-align-items-center"
          >
            <small
              className="text-muted text-sm"
            >
              <a
                href="https://guides.github.com/features/mastering-markdown/"
              >
                Use markdown styling
              </a>
               (with no title)
            </small>
            <button
              className="btn btn-primary btn-sm"
              onClick={[Function]}
            >
              Create
            </button>
          </div>,
        ],
        "className": "NewLogInput",
      },
      "ref": null,
      "rendered": Array [
        Object {
          "instance": null,
          "key": undefined,
          "nodeType": "class",
          "props": Object {
            "onChange": [MockFunction],
            "placeholder": "Tell me about your day...",
            "value": "Test",
          },
          "ref": null,
          "rendered": null,
          "type": [Function],
        },
        Object {
          "instance": null,
          "key": undefined,
          "nodeType": "host",
          "props": Object {
            "children": Array [
              <small
                className="text-muted text-sm"
              >
                <a
                  href="https://guides.github.com/features/mastering-markdown/"
                >
                  Use markdown styling
                </a>
                 (with no title)
              </small>,
              <button
                className="btn btn-primary btn-sm"
                onClick={[Function]}
              >
                Create
              </button>,
            ],
            "className": "flex flex-space-between flex-align-items-center",
          },
          "ref": null,
          "rendered": Array [
            Object {
              "instance": null,
              "key": undefined,
              "nodeType": "host",
              "props": Object {
                "children": Array [
                  <a
                    href="https://guides.github.com/features/mastering-markdown/"
                  >
                    Use markdown styling
                  </a>,
                  " (with no title)",
                  false,
                ],
                "className": "text-muted text-sm",
              },
              "ref": null,
              "rendered": Array [
                Object {
                  "instance": null,
                  "key": undefined,
                  "nodeType": "host",
                  "props": Object {
                    "children": "Use markdown styling",
                    "href": "https://guides.github.com/features/mastering-markdown/",
                  },
                  "ref": null,
                  "rendered": "Use markdown styling",
                  "type": "a",
                },
                " (with no title)",
                false,
              ],
              "type": "small",
            },
            Object {
              "instance": null,
              "key": undefined,
              "nodeType": "host",
              "props": Object {
                "children": "Create",
                "className": "btn btn-primary btn-sm",
                "onClick": [Function],
              },
              "ref": null,
              "rendered": "Create",
              "type": "button",
            },
          ],
          "type": "div",
        },
      ],
      "type": "div",
    },
  ],
  Symbol(enzyme.__options__): Object {
    "adapter": ReactSixteenAdapter {
      "options": Object {
        "enableComponentDidUpdateOnSetState": true,
      },
    },
  },
}
`;

exports[`render the input with no title 1`] = `
ShallowWrapper {
  "length": 1,
  Symbol(enzyme.__root__): [Circular],
  Symbol(enzyme.__unrendered__): <NewLogInput
    actions={
      Object {
        "createLog": [MockFunction],
        "updateContent": [MockFunction],
      }
    }
    content="Test"
    titleDetected={false}
  />,
  Symbol(enzyme.__renderer__): Object {
    "batchedUpdates": [Function],
    "getNode": [Function],
    "render": [Function],
    "simulateEvent": [Function],
    "unmount": [Function],
  },
  Symbol(enzyme.__node__): Object {
    "instance": null,
    "key": undefined,
    "nodeType": "host",
    "props": Object {
      "children": Array [
        <Textarea
          onChange={[MockFunction]}
          placeholder="Tell me about your day..."
          value="Test"
        />,
        <div
          className="flex flex-space-between flex-align-items-center"
        >
          <small
            className="text-muted text-sm"
          >
            <a
              href="https://guides.github.com/features/mastering-markdown/"
            >
              Use markdown styling
            </a>
             (with no title)
          </small>
          <button
            className="btn btn-primary btn-sm"
            onClick={[Function]}
          >
            Create
          </button>
        </div>,
      ],
      "className": "NewLogInput",
    },
    "ref": null,
    "rendered": Array [
      Object {
        "instance": null,
        "key": undefined,
        "nodeType": "class",
        "props": Object {
          "onChange": [MockFunction],
          "placeholder": "Tell me about your day...",
          "value": "Test",
        },
        "ref": null,
        "rendered": null,
        "type": [Function],
      },
      Object {
        "instance": null,
        "key": undefined,
        "nodeType": "host",
        "props": Object {
          "children": Array [
            <small
              className="text-muted text-sm"
            >
              <a
                href="https://guides.github.com/features/mastering-markdown/"
              >
                Use markdown styling
              </a>
               (with no title)
            </small>,
            <button
              className="btn btn-primary btn-sm"
              onClick={[Function]}
            >
              Create
            </button>,
          ],
          "className": "flex flex-space-between flex-align-items-center",
        },
        "ref": null,
        "rendered": Array [
          Object {
            "instance": null,
            "key": undefined,
            "nodeType": "host",
            "props": Object {
              "children": Array [
                <a
                  href="https://guides.github.com/features/mastering-markdown/"
                >
                  Use markdown styling
                </a>,
                " (with no title)",
                false,
              ],
              "className": "text-muted text-sm",
            },
            "ref": null,
            "rendered": Array [
              Object {
                "instance": null,
                "key": undefined,
                "nodeType": "host",
                "props": Object {
                  "children": "Use markdown styling",
                  "href": "https://guides.github.com/features/mastering-markdown/",
                },
                "ref": null,
                "rendered": "Use markdown styling",
                "type": "a",
              },
              " (with no title)",
              false,
            ],
            "type": "small",
          },
          Object {
            "instance": null,
            "key": undefined,
            "nodeType": "host",
            "props": Object {
              "children": "Create",
              "className": "btn btn-primary btn-sm",
              "onClick": [Function],
            },
            "ref": null,
            "rendered": "Create",
            "type": "button",
          },
        ],
        "type": "div",
      },
    ],
    "type": "div",
  },
  Symbol(enzyme.__nodes__): Array [
    Object {
      "instance": null,
      "key": undefined,
      "nodeType": "host",
      "props": Object {
        "children": Array [
          <Textarea
            onChange={[MockFunction]}
            placeholder="Tell me about your day..."
            value="Test"
          />,
          <div
            className="flex flex-space-between flex-align-items-center"
          >
            <small
              className="text-muted text-sm"
            >
              <a
                href="https://guides.github.com/features/mastering-markdown/"
              >
                Use markdown styling
              </a>
               (with no title)
            </small>
            <button
              className="btn btn-primary btn-sm"
              onClick={[Function]}
            >
              Create
            </button>
          </div>,
        ],
        "className": "NewLogInput",
      },
      "ref": null,
      "rendered": Array [
        Object {
          "instance": null,
          "key": undefined,
          "nodeType": "class",
          "props": Object {
            "onChange": [MockFunction],
            "placeholder": "Tell me about your day...",
            "value": "Test",
          },
          "ref": null,
          "rendered": null,
          "type": [Function],
        },
        Object {
          "instance": null,
          "key": undefined,
          "nodeType": "host",
          "props": Object {
            "children": Array [
              <small
                className="text-muted text-sm"
              >
                <a
                  href="https://guides.github.com/features/mastering-markdown/"
                >
                  Use markdown styling
                </a>
                 (with no title)
              </small>,
              <button
                className="btn btn-primary btn-sm"
                onClick={[Function]}
              >
                Create
              </button>,
            ],
            "className": "flex flex-space-between flex-align-items-center",
          },
          "ref": null,
          "rendered": Array [
            Object {
              "instance": null,
              "key": undefined,
              "nodeType": "host",
              "props": Object {
                "children": Array [
                  <a
                    href="https://guides.github.com/features/mastering-markdown/"
                  >
                    Use markdown styling
                  </a>,
                  " (with no title)",
                  false,
                ],
                "className": "text-muted text-sm",
              },
              "ref": null,
              "rendered": Array [
                Object {
                  "instance": null,
                  "key": undefined,
                  "nodeType": "host",
                  "props": Object {
                    "children": "Use markdown styling",
                    "href": "https://guides.github.com/features/mastering-markdown/",
                  },
                  "ref": null,
                  "rendered": "Use markdown styling",
                  "type": "a",
                },
                " (with no title)",
                false,
              ],
              "type": "small",
            },
            Object {
              "instance": null,
              "key": undefined,
              "nodeType": "host",
              "props": Object {
                "children": "Create",
                "className": "btn btn-primary btn-sm",
                "onClick": [Function],
              },
              "ref": null,
              "rendered": "Create",
              "type": "button",
            },
          ],
          "type": "div",
        },
      ],
      "type": "div",
    },
  ],
  Symbol(enzyme.__options__): Object {
    "adapter": ReactSixteenAdapter {
      "options": Object {
        "enableComponentDidUpdateOnSetState": true,
      },
    },
  },
}
`;
