// Jest Snapshot v1, https://goo.gl/fbAQLP

exports[`render navbar 1`] = `
ShallowWrapper {
  "length": 1,
  Symbol(enzyme.__root__): [Circular],
  Symbol(enzyme.__unrendered__): <NavBar />,
  Symbol(enzyme.__renderer__): Object {
    "batchedUpdates": [Function],
    "getNode": [Function],
    "render": [Function],
    "simulateEvent": [Function],
    "unmount": [Function],
  },
  Symbol(enzyme.__node__): Object {
    "instance": null,
    "key": undefined,
    "nodeType": "host",
    "props": Object {
      "children": <div
        className="container"
      >
        <div
          className="row w-100 flex flex-align-items-center flex-space-between"
        >
          <h5
            className="NavBar__AppName fg-white"
          >
            <img
              alt=""
              className="TodayLogo"
              height="24"
              src="/assets/leaf-inverse.png"
              width="24"
            />
            Today
          </h5>
          <div
            className="GithubLogo"
          >
            <a
              className="GithubLink"
              href="https://github.com/bobinette/today"
              rel="noopener noreferrer"
              target="_blank"
            >
              <i
                className="fab fa-github"
              />
            </a>
          </div>
        </div>
      </div>,
      "className": "navbar navbar-row navbar-top navbar-inverse bg-primary TodayNavbar",
    },
    "ref": null,
    "rendered": Object {
      "instance": null,
      "key": undefined,
      "nodeType": "host",
      "props": Object {
        "children": <div
          className="row w-100 flex flex-align-items-center flex-space-between"
        >
          <h5
            className="NavBar__AppName fg-white"
          >
            <img
              alt=""
              className="TodayLogo"
              height="24"
              src="/assets/leaf-inverse.png"
              width="24"
            />
            Today
          </h5>
          <div
            className="GithubLogo"
          >
            <a
              className="GithubLink"
              href="https://github.com/bobinette/today"
              rel="noopener noreferrer"
              target="_blank"
            >
              <i
                className="fab fa-github"
              />
            </a>
          </div>
        </div>,
        "className": "container",
      },
      "ref": null,
      "rendered": Object {
        "instance": null,
        "key": undefined,
        "nodeType": "host",
        "props": Object {
          "children": Array [
            <h5
              className="NavBar__AppName fg-white"
            >
              <img
                alt=""
                className="TodayLogo"
                height="24"
                src="/assets/leaf-inverse.png"
                width="24"
              />
              Today
            </h5>,
            <div
              className="GithubLogo"
            >
              <a
                className="GithubLink"
                href="https://github.com/bobinette/today"
                rel="noopener noreferrer"
                target="_blank"
              >
                <i
                  className="fab fa-github"
                />
              </a>
            </div>,
          ],
          "className": "row w-100 flex flex-align-items-center flex-space-between",
        },
        "ref": null,
        "rendered": Array [
          Object {
            "instance": null,
            "key": undefined,
            "nodeType": "host",
            "props": Object {
              "children": Array [
                <img
                  alt=""
                  className="TodayLogo"
                  height="24"
                  src="/assets/leaf-inverse.png"
                  width="24"
                />,
                "Today",
              ],
              "className": "NavBar__AppName fg-white",
            },
            "ref": null,
            "rendered": Array [
              Object {
                "instance": null,
                "key": undefined,
                "nodeType": "host",
                "props": Object {
                  "alt": "",
                  "className": "TodayLogo",
                  "height": "24",
                  "src": "/assets/leaf-inverse.png",
                  "width": "24",
                },
                "ref": null,
                "rendered": null,
                "type": "img",
              },
              "Today",
            ],
            "type": "h5",
          },
          Object {
            "instance": null,
            "key": undefined,
            "nodeType": "host",
            "props": Object {
              "children": <a
                className="GithubLink"
                href="https://github.com/bobinette/today"
                rel="noopener noreferrer"
                target="_blank"
              >
                <i
                  className="fab fa-github"
                />
              </a>,
              "className": "GithubLogo",
            },
            "ref": null,
            "rendered": Object {
              "instance": null,
              "key": undefined,
              "nodeType": "host",
              "props": Object {
                "children": <i
                  className="fab fa-github"
                />,
                "className": "GithubLink",
                "href": "https://github.com/bobinette/today",
                "rel": "noopener noreferrer",
                "target": "_blank",
              },
              "ref": null,
              "rendered": Object {
                "instance": null,
                "key": undefined,
                "nodeType": "host",
                "props": Object {
                  "className": "fab fa-github",
                },
                "ref": null,
                "rendered": null,
                "type": "i",
              },
              "type": "a",
            },
            "type": "div",
          },
        ],
        "type": "div",
      },
      "type": "div",
    },
    "type": "nav",
  },
  Symbol(enzyme.__nodes__): Array [
    Object {
      "instance": null,
      "key": undefined,
      "nodeType": "host",
      "props": Object {
        "children": <div
          className="container"
        >
          <div
            className="row w-100 flex flex-align-items-center flex-space-between"
          >
            <h5
              className="NavBar__AppName fg-white"
            >
              <img
                alt=""
                className="TodayLogo"
                height="24"
                src="/assets/leaf-inverse.png"
                width="24"
              />
              Today
            </h5>
            <div
              className="GithubLogo"
            >
              <a
                className="GithubLink"
                href="https://github.com/bobinette/today"
                rel="noopener noreferrer"
                target="_blank"
              >
                <i
                  className="fab fa-github"
                />
              </a>
            </div>
          </div>
        </div>,
        "className": "navbar navbar-row navbar-top navbar-inverse bg-primary TodayNavbar",
      },
      "ref": null,
      "rendered": Object {
        "instance": null,
        "key": undefined,
        "nodeType": "host",
        "props": Object {
          "children": <div
            className="row w-100 flex flex-align-items-center flex-space-between"
          >
            <h5
              className="NavBar__AppName fg-white"
            >
              <img
                alt=""
                className="TodayLogo"
                height="24"
                src="/assets/leaf-inverse.png"
                width="24"
              />
              Today
            </h5>
            <div
              className="GithubLogo"
            >
              <a
                className="GithubLink"
                href="https://github.com/bobinette/today"
                rel="noopener noreferrer"
                target="_blank"
              >
                <i
                  className="fab fa-github"
                />
              </a>
            </div>
          </div>,
          "className": "container",
        },
        "ref": null,
        "rendered": Object {
          "instance": null,
          "key": undefined,
          "nodeType": "host",
          "props": Object {
            "children": Array [
              <h5
                className="NavBar__AppName fg-white"
              >
                <img
                  alt=""
                  className="TodayLogo"
                  height="24"
                  src="/assets/leaf-inverse.png"
                  width="24"
                />
                Today
              </h5>,
              <div
                className="GithubLogo"
              >
                <a
                  className="GithubLink"
                  href="https://github.com/bobinette/today"
                  rel="noopener noreferrer"
                  target="_blank"
                >
                  <i
                    className="fab fa-github"
                  />
                </a>
              </div>,
            ],
            "className": "row w-100 flex flex-align-items-center flex-space-between",
          },
          "ref": null,
          "rendered": Array [
            Object {
              "instance": null,
              "key": undefined,
              "nodeType": "host",
              "props": Object {
                "children": Array [
                  <img
                    alt=""
                    className="TodayLogo"
                    height="24"
                    src="/assets/leaf-inverse.png"
                    width="24"
                  />,
                  "Today",
                ],
                "className": "NavBar__AppName fg-white",
              },
              "ref": null,
              "rendered": Array [
                Object {
                  "instance": null,
                  "key": undefined,
                  "nodeType": "host",
                  "props": Object {
                    "alt": "",
                    "className": "TodayLogo",
                    "height": "24",
                    "src": "/assets/leaf-inverse.png",
                    "width": "24",
                  },
                  "ref": null,
                  "rendered": null,
                  "type": "img",
                },
                "Today",
              ],
              "type": "h5",
            },
            Object {
              "instance": null,
              "key": undefined,
              "nodeType": "host",
              "props": Object {
                "children": <a
                  className="GithubLink"
                  href="https://github.com/bobinette/today"
                  rel="noopener noreferrer"
                  target="_blank"
                >
                  <i
                    className="fab fa-github"
                  />
                </a>,
                "className": "GithubLogo",
              },
              "ref": null,
              "rendered": Object {
                "instance": null,
                "key": undefined,
                "nodeType": "host",
                "props": Object {
                  "children": <i
                    className="fab fa-github"
                  />,
                  "className": "GithubLink",
                  "href": "https://github.com/bobinette/today",
                  "rel": "noopener noreferrer",
                  "target": "_blank",
                },
                "ref": null,
                "rendered": Object {
                  "instance": null,
                  "key": undefined,
                  "nodeType": "host",
                  "props": Object {
                    "className": "fab fa-github",
                  },
                  "ref": null,
                  "rendered": null,
                  "type": "i",
                },
                "type": "a",
              },
              "type": "div",
            },
          ],
          "type": "div",
        },
        "type": "div",
      },
      "type": "nav",
    },
  ],
  Symbol(enzyme.__options__): Object {
    "adapter": ReactSixteenAdapter {
      "options": Object {
        "enableComponentDidUpdateOnSetState": true,
      },
    },
  },
}
`;
